watch start 2026-09-09T12:52:08Z
[20:52:08] running completed=[] last=START semantic 20:52:06
[20:56:08] running completed=[] last=START semantic 20:52:06
[21:00:08] running completed=[] last=START semantic 20:52:06
[21:04:08] running completed=[] last=START semantic 20:52:06
[21:08:08] running completed=[] last=START semantic 20:52:06
[21:12:08] running completed=[] last=START semantic 20:52:06
[21:16:08] running completed=[] last=START semantic 20:52:06
[21:20:09] running completed=[] last=START semantic 20:52:06
[21:24:09] running completed=[] last=START semantic 20:52:06
[21:28:09] running completed=[] last=START semantic 20:52:06
[21:32:09] running completed=[] last=START semantic 20:52:06
[21:36:09] running completed=[] last=START semantic 20:52:06
[21:40:09] running completed=[] last=START semantic 20:52:06
[21:44:09] running completed=[] last=START semantic 20:52:06
[21:48:09] running completed=[] last=START semantic 20:52:06
[21:52:09] running completed=[] last=START semantic 20:52:06
[21:56:09] running completed=[] last=START semantic 20:52:06
[22:00:09] running completed=[] last=START semantic 20:52:06
[22:04:09] running completed=[] last=START semantic 20:52:06
[22:08:09] running completed=[] last=START semantic 20:52:06
[22:12:09] running completed=[] last=START semantic 20:52:06
[22:16:09] running completed=[] last=START semantic 20:52:06
[22:20:09] running completed=[] last=START semantic 20:52:06
[22:24:09] running completed=[] last=START semantic 20:52:06
[22:28:09] running completed=[] last=START semantic 20:52:06
[22:32:09] running completed=[] last=START semantic 20:52:06
[22:36:09] running completed=[] last=START semantic 20:52:06
[22:40:09] running completed=[] last=START semantic 20:52:06
[22:44:09] running completed=[] last=START semantic 20:52:06
[22:48:09] running completed=[] last=START semantic 20:52:06
[22:52:09] running completed=[] last=START semantic 20:52:06
[22:56:09] running completed=[] last=START semantic 20:52:06
[23:00:09] running completed=[] last=START semantic 20:52:06
[23:04:09] running completed=[] last=START semantic 20:52:06
[23:08:09] running completed=[] last=START semantic 20:52:06
[23:12:09] running completed=[] last=START semantic 20:52:06
[23:16:09] running completed=[] last=START semantic 20:52:06
[23:20:09] running completed=[] last=START semantic 20:52:06
[23:24:09] running completed=[] last=START semantic 20:52:06
[23:28:09] running completed=[] last=START semantic 20:52:06
[23:32:09] running completed=[] last=START semantic 20:52:06
[23:36:09] running completed=[] last=START semantic 20:52:06
[23:40:09] running completed=[] last=START semantic 20:52:06
[23:44:09] running completed=[] last=START semantic 20:52:06
[23:48:10] running completed=[] last=START semantic 20:52:06
[23:52:10] running completed=[] last=START semantic 20:52:06
[23:56:10] running completed=[] last=START semantic 20:52:06
[00:00:10] running completed=[] last=START semantic 20:52:06
[00:04:10] running completed=[] last=START semantic 20:52:06
[00:08:10] running completed=[] last=START semantic 20:52:06
[00:12:10] running completed=[] last=START semantic 20:52:06
[00:16:10] running completed=[] last=START semantic 20:52:06
[00:20:10] running completed=[] last=START semantic 20:52:06
[00:24:10] running completed=[] last=START semantic 20:52:06
[00:28:10] running completed=[] last=START semantic 20:52:06
[00:32:10] running completed=[] last=START semantic 20:52:06
[00:36:10] running completed=[] last=START semantic 20:52:06
[00:40:10] running completed=[] last=START semantic 20:52:06
[00:44:10] running completed=[] last=START semantic 20:52:06
[00:48:10] running completed=[] last=START semantic 20:52:06
[00:52:10] running completed=[] last=START semantic 20:52:06
[00:56:10] running completed=[] last=START semantic 20:52:06
[01:00:10] running completed=[] last=START semantic 20:52:06
[01:04:10] running completed=[] last=START semantic 20:52:06
[01:08:10] running completed=[] last=START semantic 20:52:06
[01:12:10] running completed=[] last=START semantic 20:52:06
[01:16:10] running completed=[] last=START semantic 20:52:06
[01:20:10] running completed=[] last=START semantic 20:52:06
[01:24:10] running completed=[] last=START semantic 20:52:06
[01:28:10] running completed=[] last=START semantic 20:52:06
[01:32:10] running completed=[] last=START semantic 20:52:06
[01:36:10] running completed=[] last=START semantic 20:52:06
[01:40:10] running completed=[] last=START semantic 20:52:06
[01:44:10] running completed=[] last=START semantic 20:52:06
[01:48:10] running completed=[] last=START semantic 20:52:06
[01:52:10] running completed=[] last=START semantic 20:52:06
[01:56:10] running completed=[] last=START semantic 20:52:06
[02:00:10] running completed=[] last=START semantic 20:52:06
[02:04:10] running completed=[] last=START semantic 20:52:06
[02:08:10] running completed=[] last=START semantic 20:52:06
[02:12:11] running completed=[] last=START semantic 20:52:06
[02:16:11] running completed=[] last=START semantic 20:52:06
[02:20:11] running completed=[] last=START semantic 20:52:06
[02:24:11] running completed=[] last=START semantic 20:52:06
[02:28:11] running completed=[] last=START semantic 20:52:06
[02:32:11] running completed=[] last=START semantic 20:52:06
[02:36:11] running completed=[] last=START semantic 20:52:06
[02:40:11] running completed=[] last=START semantic 20:52:06
[02:44:11] running completed=[] last=START semantic 20:52:06
[02:48:11] running completed=[] last=START semantic 20:52:06
[02:52:11] running completed=[] last=START semantic 20:52:06
[02:56:11] running completed=[] last=START semantic 20:52:06
[03:00:11] running completed=[] last=START semantic 20:52:06
[03:04:11] running completed=[] last=START semantic 20:52:06
[03:08:11] running completed=[] last=START semantic 20:52:06
[03:12:11] running completed=[] last=START semantic 20:52:06
[03:16:11] running completed=[] last=START semantic 20:52:06
[03:20:11] running completed=[] last=START semantic 20:52:06
[03:24:11] running completed=[] last=START semantic 20:52:06
[03:28:11] running completed=[] last=START semantic 20:52:06
[03:32:11] running completed=[] last=START semantic 20:52:06
[03:36:11] running completed=[] last=START semantic 20:52:06
[03:40:11] running completed=[] last=START semantic 20:52:06
[03:44:11] running completed=[] last=START semantic 20:52:06
[03:48:11] running completed=[] last=START semantic 20:52:06
[03:52:11] running completed=[] last=START semantic 20:52:06
[03:56:11] running completed=[] last=START semantic 20:52:06
[04:00:11] running completed=[] last=START semantic 20:52:06
[04:04:11] running completed=[] last=START semantic 20:52:06
[04:08:11] running completed=[] last=START semantic 20:52:06
[04:12:11] running completed=[] last=START semantic 20:52:06
[04:16:11] running completed=[] last=START semantic 20:52:06
[04:20:11] running completed=[] last=START semantic 20:52:06
[04:24:11] running completed=[] last=START semantic 20:52:06
[04:28:11] running completed=[] last=START semantic 20:52:06
[04:32:11] running completed=[] last=START semantic 20:52:06
[04:36:11] running completed=[] last=START semantic 20:52:06
[04:40:11] running completed=[] last=START semantic 20:52:06
[04:44:11] running completed=[] last=START semantic 20:52:06
[04:48:11] running completed=[] last=START semantic 20:52:06
[04:52:11] running completed=[] last=START semantic 20:52:06
[04:56:11] running completed=[] last=START semantic 20:52:06
[05:00:11] running completed=[] last=START semantic 20:52:06
[05:04:11] running completed=[] last=START semantic 20:52:06
[05:08:11] running completed=[] last=START semantic 20:52:06
[05:12:11] running completed=[] last=START semantic 20:52:06
[05:16:11] running completed=[] last=START semantic 20:52:06
[05:20:11] running completed=[] last=START semantic 20:52:06
[05:24:11] running completed=[] last=START semantic 20:52:06
[05:28:11] running completed=[] last=START semantic 20:52:06
[05:32:11] running completed=[] last=START semantic 20:52:06
[05:36:11] running completed=[] last=START semantic 20:52:06
[05:40:11] running completed=[] last=START semantic 20:52:06
[05:44:12] running completed=[] last=START semantic 20:52:06
[05:48:12] running completed=[] last=START semantic 20:52:06
[05:52:12] running completed=[] last=START semantic 20:52:06
[05:56:12] running completed=[] last=START semantic 20:52:06
[06:00:12] running completed=[] last=START semantic 20:52:06
[06:04:12] running completed=[] last=START semantic 20:52:06
[06:08:12] running completed=[] last=START semantic 20:52:06
[06:12:12] running completed=[] last=START semantic 20:52:06
[06:16:12] running completed=[] last=START semantic 20:52:06
[06:20:12] running completed=[] last=START semantic 20:52:06
[06:24:12] running completed=[] last=START semantic 20:52:06
[06:28:12] running completed=[semantic ] last=START behavior 06:25:56
[06:32:12] running completed=[semantic ] last=START behavior 06:25:56
[06:36:12] running completed=[semantic ] last=START behavior 06:25:56
[06:40:12] running completed=[semantic ] last=START behavior 06:25:56
[06:44:12] running completed=[semantic ] last=START behavior 06:25:56
[06:48:12] running completed=[semantic ] last=START behavior 06:25:56
[06:52:12] running completed=[semantic ] last=START behavior 06:25:56
[06:56:12] running completed=[semantic ] last=START behavior 06:25:56
[07:00:12] running completed=[semantic ] last=START behavior 06:25:56
[07:04:12] running completed=[semantic ] last=START behavior 06:25:56
[07:08:12] running completed=[semantic ] last=START behavior 06:25:56
[07:12:12] running completed=[semantic ] last=START behavior 06:25:56
[07:16:12] running completed=[semantic ] last=START behavior 06:25:56
[07:20:13] running completed=[semantic ] last=START behavior 06:25:56
[07:24:13] running completed=[semantic ] last=START behavior 06:25:56
[07:28:13] running completed=[semantic ] last=START behavior 06:25:56
[07:32:13] running completed=[semantic ] last=START behavior 06:25:56
[07:36:13] running completed=[semantic ] last=START behavior 06:25:56
[07:40:13] running completed=[semantic ] last=START behavior 06:25:56
[07:44:13] running completed=[semantic ] last=START behavior 06:25:56
[07:48:13] running completed=[semantic ] last=START behavior 06:25:56
[07:52:13] running completed=[semantic ] last=START behavior 06:25:56
[07:56:13] running completed=[semantic ] last=START behavior 06:25:56
[08:00:13] running completed=[semantic ] last=START behavior 06:25:56
[08:04:13] running completed=[semantic ] last=START behavior 06:25:56
[08:08:13] running completed=[semantic ] last=START behavior 06:25:56
[08:12:13] running completed=[semantic ] last=START behavior 06:25:56
[08:16:13] running completed=[semantic ] last=START behavior 06:25:56
[08:20:13] running completed=[semantic ] last=START behavior 06:25:56
[08:24:13] running completed=[semantic ] last=START behavior 06:25:56
[08:28:13] running completed=[semantic ] last=START behavior 06:25:56
[08:32:14] running completed=[semantic ] last=START behavior 06:25:56
[08:36:14] running completed=[semantic ] last=START behavior 06:25:56
[08:40:14] running completed=[semantic ] last=START behavior 06:25:56
[08:44:14] running completed=[semantic ] last=START behavior 06:25:56
[08:48:14] running completed=[semantic ] last=START behavior 06:25:56
[08:52:14] running completed=[semantic ] last=START behavior 06:25:56
[08:56:14] running completed=[semantic ] last=START behavior 06:25:56
[09:00:14] running completed=[semantic ] last=START behavior 06:25:56
[09:04:14] running completed=[semantic ] last=START behavior 06:25:56
[09:08:14] running completed=[semantic ] last=START behavior 06:25:56
[09:12:14] running completed=[semantic ] last=START behavior 06:25:56
[09:16:14] running completed=[semantic ] last=START behavior 06:25:56
[09:20:14] running completed=[semantic ] last=START behavior 06:25:56
[09:24:14] running completed=[semantic ] last=START behavior 06:25:56
[09:28:14] running completed=[semantic ] last=START behavior 06:25:56
[09:32:14] running completed=[semantic ] last=START behavior 06:25:56
[09:36:14] running completed=[semantic ] last=START behavior 06:25:56
[09:40:15] running completed=[semantic ] last=START behavior 06:25:56
[09:44:15] running completed=[semantic ] last=START behavior 06:25:56
[09:48:15] running completed=[semantic ] last=START behavior 06:25:56
[09:52:15] running completed=[semantic ] last=START behavior 06:25:56
[09:56:15] running completed=[semantic ] last=START behavior 06:25:56
[10:00:15] running completed=[semantic ] last=START behavior 06:25:56
[10:04:15] running completed=[semantic ] last=START behavior 06:25:56
[10:08:15] running completed=[semantic ] last=START behavior 06:25:56
[10:12:15] running completed=[semantic ] last=START behavior 06:25:56
[10:16:15] running completed=[semantic ] last=START behavior 06:25:56
[10:20:15] running completed=[semantic ] last=START behavior 06:25:56
[10:24:15] running completed=[semantic ] last=START behavior 06:25:56
[10:28:15] running completed=[semantic ] last=START behavior 06:25:56
[10:32:15] running completed=[semantic ] last=START behavior 06:25:56
[10:36:15] running completed=[semantic ] last=START behavior 06:25:56
[10:40:15] running completed=[semantic ] last=START behavior 06:25:56
[10:44:15] running completed=[semantic ] last=START behavior 06:25:56
[10:48:15] running completed=[semantic ] last=START behavior 06:25:56
[10:52:16] running completed=[semantic ] last=START behavior 06:25:56
[10:56:16] running completed=[semantic ] last=START behavior 06:25:56
[11:00:16] running completed=[semantic ] last=START behavior 06:25:56
[11:04:16] running completed=[semantic ] last=START behavior 06:25:56
[11:08:16] running completed=[semantic ] last=START behavior 06:25:56
[11:12:16] running completed=[semantic ] last=START behavior 06:25:56
[11:16:16] running completed=[semantic ] last=START behavior 06:25:56
[11:20:16] running completed=[semantic ] last=START behavior 06:25:56
[11:24:16] running completed=[semantic ] last=START behavior 06:25:56
[11:28:16] running completed=[semantic ] last=START behavior 06:25:56
[11:32:16] running completed=[semantic ] last=START behavior 06:25:56
[11:36:16] running completed=[semantic ] last=START behavior 06:25:56
[11:40:16] running completed=[semantic ] last=START behavior 06:25:56
[11:44:16] running completed=[semantic ] last=START behavior 06:25:56
[11:48:16] running completed=[semantic ] last=START behavior 06:25:56
[11:52:16] running completed=[semantic ] last=START behavior 06:25:56
[11:56:16] running completed=[semantic ] last=START behavior 06:25:56
[12:00:16] running completed=[semantic ] last=START behavior 06:25:56
[12:04:17] running completed=[semantic ] last=START behavior 06:25:56
[12:08:17] running completed=[semantic ] last=START behavior 06:25:56
[12:12:17] running completed=[semantic ] last=START behavior 06:25:56
[12:16:17] running completed=[semantic ] last=START behavior 06:25:56
[12:20:17] running completed=[semantic ] last=START behavior 06:25:56
[12:24:17] running completed=[semantic ] last=START behavior 06:25:56
[12:28:17] running completed=[semantic ] last=START behavior 06:25:56
[12:32:17] running completed=[semantic ] last=START behavior 06:25:56
[12:36:17] running completed=[semantic ] last=START behavior 06:25:56
[12:40:17] running completed=[semantic ] last=START behavior 06:25:56
[12:44:17] running completed=[semantic ] last=START behavior 06:25:56
[12:48:17] running completed=[semantic ] last=START behavior 06:25:56
[12:52:17] running completed=[semantic ] last=START behavior 06:25:56
[12:56:17] running completed=[semantic ] last=START behavior 06:25:56
[13:00:17] running completed=[semantic ] last=START behavior 06:25:56
[13:04:17] running completed=[semantic ] last=START behavior 06:25:56
[13:08:17] running completed=[semantic ] last=START behavior 06:25:56
[13:12:17] running completed=[semantic ] last=START behavior 06:25:56
[13:16:18] running completed=[semantic ] last=START behavior 06:25:56
[13:20:18] running completed=[semantic ] last=START behavior 06:25:56
[13:24:18] running completed=[semantic ] last=START behavior 06:25:56
[13:28:18] running completed=[semantic ] last=START behavior 06:25:56
[13:32:18] running completed=[semantic ] last=START behavior 06:25:56
[13:36:18] running completed=[semantic ] last=START behavior 06:25:56
[13:40:18] running completed=[semantic ] last=START behavior 06:25:56
[13:44:18] running completed=[semantic ] last=START behavior 06:25:56
[13:48:18] running completed=[semantic ] last=START behavior 06:25:56
[13:52:18] running completed=[semantic ] last=START behavior 06:25:56
[13:56:18] running completed=[semantic ] last=START behavior 06:25:56
[14:00:18] running completed=[semantic ] last=START behavior 06:25:56
[14:04:18] running completed=[semantic ] last=START behavior 06:25:56
[14:08:18] running completed=[semantic ] last=START behavior 06:25:56
[14:12:18] running completed=[semantic ] last=START behavior 06:25:56
[14:16:18] running completed=[semantic ] last=START behavior 06:25:56
[14:20:18] running completed=[semantic ] last=START behavior 06:25:56
[14:24:18] running completed=[semantic ] last=START behavior 06:25:56
[14:28:18] running completed=[semantic ] last=START behavior 06:25:56
[14:32:18] running completed=[semantic ] last=START behavior 06:25:56
[14:36:18] running completed=[semantic ] last=START behavior 06:25:56
[14:40:18] running completed=[semantic ] last=START behavior 06:25:56
[14:44:18] running completed=[semantic ] last=START behavior 06:25:56
[14:48:18] running completed=[semantic ] last=START behavior 06:25:56
[14:52:18] running completed=[semantic ] last=START behavior 06:25:56
[14:56:18] running completed=[semantic ] last=START behavior 06:25:56
[15:00:18] running completed=[semantic ] last=START behavior 06:25:56
[15:04:19] running completed=[semantic ] last=START behavior 06:25:56
[15:08:19] running completed=[semantic ] last=START behavior 06:25:56
[15:12:19] running completed=[semantic ] last=START behavior 06:25:56
[15:16:19] running completed=[semantic ] last=START behavior 06:25:56
[15:20:19] running completed=[semantic ] last=START behavior 06:25:56
[15:24:19] running completed=[semantic ] last=START behavior 06:25:56
[15:28:19] running completed=[semantic ] last=START behavior 06:25:56
[15:32:19] running completed=[semantic ] last=START behavior 06:25:56
[15:36:19] running completed=[semantic ] last=START behavior 06:25:56
[15:40:19] running completed=[semantic ] last=START behavior 06:25:56
[15:44:19] running completed=[semantic ] last=START behavior 06:25:56
[15:48:19] running completed=[semantic ] last=START behavior 06:25:56
[15:52:19] running completed=[semantic ] last=START behavior 06:25:56
[15:56:19] running completed=[semantic ] last=START behavior 06:25:56
[16:00:19] running completed=[semantic ] last=START behavior 06:25:56
[16:04:19] running completed=[semantic ] last=START behavior 06:25:56
[16:08:19] running completed=[semantic ] last=START behavior 06:25:56
[16:12:19] running completed=[semantic ] last=START behavior 06:25:56
[16:16:20] running completed=[semantic ] last=START behavior 06:25:56
[16:20:20] running completed=[semantic ] last=START behavior 06:25:56
[16:24:20] running completed=[semantic ] last=START behavior 06:25:56
[16:28:20] running completed=[semantic ] last=START behavior 06:25:56
[16:32:20] running completed=[semantic ] last=START behavior 06:25:56
[16:36:20] running completed=[semantic ] last=START behavior 06:25:56
[16:40:20] running completed=[semantic ] last=START behavior 06:25:56
[16:44:20] running completed=[semantic ] last=START behavior 06:25:56
[16:48:20] running completed=[semantic ] last=START behavior 06:25:56
[16:52:20] running completed=[semantic ] last=START behavior 06:25:56
[16:56:20] running completed=[semantic ] last=START behavior 06:25:56
[17:00:20] running completed=[semantic ] last=START behavior 06:25:56
[17:04:20] running completed=[semantic ] last=START behavior 06:25:56
[17:08:20] running completed=[semantic ] last=START behavior 06:25:56
[17:12:20] running completed=[semantic ] last=START behavior 06:25:56
[17:16:20] running completed=[semantic ] last=START behavior 06:25:56
[17:20:20] running completed=[semantic ] last=START behavior 06:25:56
[17:24:20] running completed=[semantic ] last=START behavior 06:25:56
[17:28:20] running completed=[semantic ] last=START behavior 06:25:56
[17:32:20] running completed=[semantic ] last=START behavior 06:25:56
[17:36:20] running completed=[semantic ] last=START behavior 06:25:56
[17:40:20] running completed=[semantic ] last=START behavior 06:25:56
[17:44:20] running completed=[semantic ] last=START behavior 06:25:56
[17:48:20] running completed=[semantic ] last=START behavior 06:25:56
[17:52:20] running completed=[semantic ] last=START behavior 06:25:56
[17:56:21] running completed=[semantic ] last=START behavior 06:25:56
[18:00:21] running completed=[semantic ] last=START behavior 06:25:56
[18:04:21] running completed=[semantic ] last=START behavior 06:25:56
[18:08:21] running completed=[semantic ] last=START behavior 06:25:56
[18:12:21] running completed=[semantic ] last=START behavior 06:25:56
[18:16:21] running completed=[semantic ] last=START behavior 06:25:56
[18:20:21] running completed=[semantic ] last=START behavior 06:25:56
[18:24:21] running completed=[semantic ] last=START behavior 06:25:56
[18:28:21] running completed=[semantic ] last=START behavior 06:25:56
[18:32:21] running completed=[semantic ] last=START behavior 06:25:56
[18:36:21] running completed=[semantic ] last=START behavior 06:25:56
[18:40:21] running completed=[semantic ] last=START behavior 06:25:56
[18:44:21] running completed=[semantic ] last=START behavior 06:25:56
[18:48:21] running completed=[semantic ] last=START behavior 06:25:56
[18:52:21] running completed=[semantic ] last=START behavior 06:25:56
[18:56:21] running completed=[semantic ] last=START behavior 06:25:56
[19:00:21] running completed=[semantic ] last=START behavior 06:25:56
[19:04:21] running completed=[semantic ] last=START behavior 06:25:56
[19:08:22] running completed=[semantic ] last=START behavior 06:25:56
[19:12:22] running completed=[semantic ] last=START behavior 06:25:56
[19:16:22] running completed=[semantic ] last=START behavior 06:25:56
[19:20:22] running completed=[semantic ] last=START behavior 06:25:56
[19:24:22] running completed=[semantic ] last=START behavior 06:25:56
[19:28:22] running completed=[semantic ] last=START behavior 06:25:56
[19:32:22] running completed=[semantic ] last=START behavior 06:25:56
[19:36:22] running completed=[semantic ] last=START behavior 06:25:56
[19:40:22] running completed=[semantic ] last=START behavior 06:25:56
[19:44:22] running completed=[semantic ] last=START behavior 06:25:56
[19:48:22] running completed=[semantic ] last=START behavior 06:25:56
[19:52:22] running completed=[semantic behavior ] last=START fusion 19:50:54
[19:56:22] running completed=[semantic behavior ] last=START fusion 19:50:54
[20:00:22] running completed=[semantic behavior ] last=START fusion 19:50:54
[20:04:22] running completed=[semantic behavior ] last=START fusion 19:50:54
[20:08:22] running completed=[semantic behavior ] last=START fusion 19:50:54
[20:12:23] running completed=[semantic behavior ] last=START fusion 19:50:54
[20:16:23] running completed=[semantic behavior ] last=START fusion 19:50:54
[20:20:23] running completed=[semantic behavior ] last=START fusion 19:50:54
[20:24:23] running completed=[semantic behavior ] last=START fusion 19:50:54
[20:28:23] running completed=[semantic behavior ] last=START fusion 19:50:54
[20:32:23] running completed=[semantic behavior ] last=START fusion 19:50:54
[20:36:23] running completed=[semantic behavior ] last=START fusion 19:50:54
[20:40:23] running completed=[semantic behavior ] last=START fusion 19:50:54
[20:44:23] running completed=[semantic behavior ] last=START fusion 19:50:54
[20:48:23] running completed=[semantic behavior ] last=START fusion 19:50:54
[20:52:23] running completed=[semantic behavior ] last=START fusion 19:50:54
[20:56:23] running completed=[semantic behavior ] last=START fusion 19:50:54
[21:00:23] running completed=[semantic behavior ] last=START fusion 19:50:54
[21:04:23] running completed=[semantic behavior ] last=START fusion 19:50:54
[21:08:23] running completed=[semantic behavior ] last=START fusion 19:50:54
[21:12:23] running completed=[semantic behavior ] last=START fusion 19:50:54
[21:16:23] running completed=[semantic behavior ] last=START fusion 19:50:54
[21:20:23] running completed=[semantic behavior ] last=START fusion 19:50:54
[21:24:23] running completed=[semantic behavior ] last=START fusion 19:50:54
[21:28:23] running completed=[semantic behavior ] last=START fusion 19:50:54
[21:32:24] running completed=[semantic behavior ] last=START fusion 19:50:54
[21:36:24] running completed=[semantic behavior ] last=START fusion 19:50:54
[21:40:24] running completed=[semantic behavior ] last=START fusion 19:50:54
[21:44:24] running completed=[semantic behavior ] last=START fusion 19:50:54
[21:48:24] running completed=[semantic behavior ] last=START fusion 19:50:54
[21:52:24] running completed=[semantic behavior ] last=START fusion 19:50:54
[21:56:24] running completed=[semantic behavior ] last=START fusion 19:50:54
[22:00:24] running completed=[semantic behavior ] last=START fusion 19:50:54
[22:04:24] running completed=[semantic behavior ] last=START fusion 19:50:54
[22:08:24] running completed=[semantic behavior ] last=START fusion 19:50:54
[22:12:24] running completed=[semantic behavior ] last=START fusion 19:50:54
[22:16:24] running completed=[semantic behavior ] last=START fusion 19:50:54
[22:20:24] running completed=[semantic behavior ] last=START fusion 19:50:54
[22:24:24] running completed=[semantic behavior ] last=START fusion 19:50:54
[22:28:25] running completed=[semantic behavior ] last=START fusion 19:50:54
[22:32:25] running completed=[semantic behavior ] last=START fusion 19:50:54
[22:36:25] running completed=[semantic behavior ] last=START fusion 19:50:54
[22:40:25] running completed=[semantic behavior ] last=START fusion 19:50:54
[22:44:25] running completed=[semantic behavior ] last=START fusion 19:50:54
[22:48:25] running completed=[semantic behavior ] last=START fusion 19:50:54
[22:52:25] running completed=[semantic behavior ] last=START fusion 19:50:54
[22:56:25] running completed=[semantic behavior ] last=START fusion 19:50:54
[23:00:25] running completed=[semantic behavior ] last=START fusion 19:50:54
[23:04:25] running completed=[semantic behavior ] last=START fusion 19:50:54
[23:08:25] running completed=[semantic behavior ] last=START fusion 19:50:54
[23:12:25] running completed=[semantic behavior ] last=START fusion 19:50:54
[23:16:25] running completed=[semantic behavior ] last=START fusion 19:50:54
[23:20:25] running completed=[semantic behavior ] last=START fusion 19:50:54
[23:24:26] running completed=[semantic behavior ] last=START fusion 19:50:54
[23:28:26] running completed=[semantic behavior ] last=START fusion 19:50:54
[23:32:26] running completed=[semantic behavior ] last=START fusion 19:50:54
[23:36:26] running completed=[semantic behavior ] last=START fusion 19:50:54
[23:40:26] running completed=[semantic behavior ] last=START fusion 19:50:54
[23:44:26] running completed=[semantic behavior ] last=START fusion 19:50:54
[23:48:26] running completed=[semantic behavior ] last=START fusion 19:50:54
[23:52:26] running completed=[semantic behavior ] last=START fusion 19:50:54
[23:56:26] running completed=[semantic behavior ] last=START fusion 19:50:54
[00:00:26] running completed=[semantic behavior ] last=START fusion 19:50:54
[00:04:26] running completed=[semantic behavior ] last=START fusion 19:50:54
[00:08:26] running completed=[semantic behavior ] last=START fusion 19:50:54
[00:12:26] running completed=[semantic behavior ] last=START fusion 19:50:54
[00:16:26] running completed=[semantic behavior ] last=START fusion 19:50:54
[00:20:27] running completed=[semantic behavior ] last=START fusion 19:50:54
[00:24:27] running completed=[semantic behavior ] last=START fusion 19:50:54
[00:28:27] running completed=[semantic behavior ] last=START fusion 19:50:54
[00:32:27] running completed=[semantic behavior ] last=START fusion 19:50:54
[00:36:27] running completed=[semantic behavior ] last=START fusion 19:50:54
[00:40:27] running completed=[semantic behavior ] last=START fusion 19:50:54
[00:44:27] running completed=[semantic behavior ] last=START fusion 19:50:54
[00:48:27] running completed=[semantic behavior ] last=START fusion 19:50:54
[00:52:27] running completed=[semantic behavior ] last=START fusion 19:50:54
[00:56:27] running completed=[semantic behavior ] last=START fusion 19:50:54
[01:00:27] running completed=[semantic behavior ] last=START fusion 19:50:54
[01:04:27] running completed=[semantic behavior ] last=START fusion 19:50:54
[01:08:27] running completed=[semantic behavior ] last=START fusion 19:50:54
[01:12:27] running completed=[semantic behavior ] last=START fusion 19:50:54
[01:16:28] running completed=[semantic behavior ] last=START fusion 19:50:54
[01:20:28] running completed=[semantic behavior ] last=START fusion 19:50:54
[01:24:28] running completed=[semantic behavior ] last=START fusion 19:50:54
[01:28:28] running completed=[semantic behavior ] last=START fusion 19:50:54
[01:32:28] running completed=[semantic behavior ] last=START fusion 19:50:54
[01:36:28] running completed=[semantic behavior ] last=START fusion 19:50:54
[01:40:28] running completed=[semantic behavior ] last=START fusion 19:50:54
[01:44:28] running completed=[semantic behavior ] last=START fusion 19:50:54
[01:48:28] running completed=[semantic behavior ] last=START fusion 19:50:54
[01:52:28] running completed=[semantic behavior ] last=START fusion 19:50:54
[01:56:28] running completed=[semantic behavior ] last=START fusion 19:50:54
[02:00:28] running completed=[semantic behavior ] last=START fusion 19:50:54
[02:04:28] running completed=[semantic behavior ] last=START fusion 19:50:54
[02:08:29] running completed=[semantic behavior ] last=START fusion 19:50:54
[02:12:29] running completed=[semantic behavior ] last=START fusion 19:50:54
[02:16:29] running completed=[semantic behavior ] last=START fusion 19:50:54
[02:20:29] running completed=[semantic behavior ] last=START fusion 19:50:54
[02:24:29] running completed=[semantic behavior ] last=START fusion 19:50:54
[02:28:29] running completed=[semantic behavior ] last=START fusion 19:50:54
[02:32:29] running completed=[semantic behavior ] last=START fusion 19:50:54
[02:36:29] running completed=[semantic behavior ] last=START fusion 19:50:54
[02:40:29] running completed=[semantic behavior ] last=START fusion 19:50:54
[02:44:29] running completed=[semantic behavior ] last=START fusion 19:50:54
[02:48:29] running completed=[semantic behavior ] last=START fusion 19:50:54
[02:52:29] running completed=[semantic behavior ] last=START fusion 19:50:54
[02:56:29] running completed=[semantic behavior ] last=START fusion 19:50:54
[03:00:29] running completed=[semantic behavior ] last=START fusion 19:50:54
[03:04:29] running completed=[semantic behavior ] last=START fusion 19:50:54
[03:08:29] running completed=[semantic behavior ] last=START fusion 19:50:54
[03:12:29] running completed=[semantic behavior ] last=START fusion 19:50:54
[03:16:29] running completed=[semantic behavior ] last=START fusion 19:50:54
[03:20:29] running completed=[semantic behavior ] last=START fusion 19:50:54
[03:24:29] running completed=[semantic behavior ] last=START fusion 19:50:54
[03:28:29] running completed=[semantic behavior ] last=START fusion 19:50:54
[03:32:29] running completed=[semantic behavior ] last=START fusion 19:50:54
[03:36:29] running completed=[semantic behavior ] last=START fusion 19:50:54
[03:40:29] running completed=[semantic behavior ] last=START fusion 19:50:54
[03:44:29] running completed=[semantic behavior ] last=START fusion 19:50:54
[03:48:29] running completed=[semantic behavior ] last=START fusion 19:50:54
[03:52:29] running completed=[semantic behavior ] last=START fusion 19:50:54
[03:56:30] running completed=[semantic behavior ] last=START fusion 19:50:54
[04:00:30] running completed=[semantic behavior ] last=START fusion 19:50:54
[04:04:30] running completed=[semantic behavior ] last=START fusion 19:50:54
[04:08:30] running completed=[semantic behavior ] last=START fusion 19:50:54
[04:12:30] running completed=[semantic behavior ] last=START fusion 19:50:54
[04:16:30] running completed=[semantic behavior ] last=START fusion 19:50:54
[04:20:30] running completed=[semantic behavior ] last=START fusion 19:50:54
[04:24:30] running completed=[semantic behavior ] last=START fusion 19:50:54
[04:28:30] running completed=[semantic behavior ] last=START fusion 19:50:54
[04:32:30] running completed=[semantic behavior ] last=START fusion 19:50:54
[04:36:30] running completed=[semantic behavior ] last=START fusion 19:50:54
[04:40:30] running completed=[semantic behavior ] last=START fusion 19:50:54
[04:44:30] running completed=[semantic behavior ] last=START fusion 19:50:54
[04:48:30] running completed=[semantic behavior ] last=START fusion 19:50:54
[04:52:30] running completed=[semantic behavior ] last=START fusion 19:50:54
[04:56:30] running completed=[semantic behavior ] last=START fusion 19:50:54
[05:00:30] running completed=[semantic behavior ] last=START fusion 19:50:54
[05:04:30] running completed=[semantic behavior ] last=START fusion 19:50:54
[05:08:30] running completed=[semantic behavior ] last=START fusion 19:50:54
[05:12:31] running completed=[semantic behavior ] last=START fusion 19:50:54
[05:16:31] ALL_REPS_DONE completed=[semantic behavior fusion ]
watch_done
